
> react-kavia@0.1.0 start
> cross-env EDIT_MODE=true webpack serve --config .ve/webpack.config.js --mode development

<i> [webpack-dev-server] Project is running at:
<i> [webpack-dev-server] Loopback: http://localhost:3000/, http://[::1]:3000/
<i> [webpack-dev-server] On Your Network (IPv4): http://172.17.0.2:3000/
<i> [webpack-dev-server] Content not from webpack is served from './public' directory
Injecting EditorRootWrapper import: ../.ve/EditorRootWrapper
asset bundle.js 1.38 MiB [emitted] (name: main)
asset index.html 1.92 KiB [emitted]
runtime modules 27.5 KiB 14 modules
modules by path ./node_modules/ 1.24 MiB 31 modules
modules by path ./.ve/ 15.1 KiB
  modules by path ./.ve/*.js 10.6 KiB 2 modules
  modules by path ./.ve/*.css 2.93 KiB 2 modules
  ./.ve/EditorOverlay.jsx 1.58 KiB [built] [code generated]
modules by path ./src/ 3.77 KiB
  modules by path ./src/*.js 569 bytes
    ./src/index.js 530 bytes [built] [code generated]
    ./src/App.js 39 bytes [built] [code generated] [1 error]
  modules by path ./src/*.css 3.22 KiB
    ./src/index.css 2.23 KiB [built] [code generated]
    ./node_modules/css-loader/dist/cjs.js!./src/index.css 1010 bytes [built] [code generated]

ERROR in ./src/App.js
Module build failed (from ./node_modules/babel-loader/lib/index.js):
SyntaxError: /home/kavia/workspace/code-generation/cyberlegalinsight-46568-271bd8c6/cyberlegalinsight_frontend/src/App.js: Identifier 'AdaptiveQuestionFlow' has already been declared. (22:7)

  20 |
  21 | // Core feature stubs
> 22 | import AdaptiveQuestionFlow from './AdaptiveQuestionFlow';
     |        ^
  23 | import VisualizationPanel from './VisualizationPanel';
  24 | import ThemeToggle from './ThemeToggle';
  25 | import FileUpload from './FileUpload';
    at constructor (/home/kavia/workspace/code-generation/cyberlegalinsight-46568-271bd8c6/cyberlegalinsight_frontend/node_modules/@babel/parser/lib/index.js:363:19)
    at JSXParserMixin.raise (/home/kavia/workspace/code-generation/cyberlegalinsight-46568-271bd8c6/cyberlegalinsight_frontend/node_modules/@babel/parser/lib/index.js:6609:19)
    at ScopeHandler.checkRedeclarationInScope (/home/kavia/workspace/code-generation/cyberlegalinsight-46568-271bd8c6/cyberlegalinsight_frontend/node_modules/@babel/parser/lib/index.js:1626:19)
    at ScopeHandler.declareName (/home/kavia/workspace/code-generation/cyberlegalinsight-46568-271bd8c6/cyberlegalinsight_frontend/node_modules/@babel/parser/lib/index.js:1592:12)
    at JSXParserMixin.declareNameFromIdentifier (/home/kavia/workspace/code-generation/cyberlegalinsight-46568-271bd8c6/cyberlegalinsight_frontend/node_modules/@babel/parser/lib/index.js:7538:16)
    at JSXParserMixin.checkIdentifier (/home/kavia/workspace/code-generation/cyberlegalinsight-46568-271bd8c6/cyberlegalinsight_frontend/node_modules/@babel/parser/lib/index.js:7534:12)
    at JSXParserMixin.checkLVal (/home/kavia/workspace/code-generation/cyberlegalinsight-46568-271bd8c6/cyberlegalinsight_frontend/node_modules/@babel/parser/lib/index.js:7475:12)
    at JSXParserMixin.finishImportSpecifier (/home/kavia/workspace/code-generation/cyberlegalinsight-46568-271bd8c6/cyberlegalinsight_frontend/node_modules/@babel/parser/lib/index.js:14184:10)
    at JSXParserMixin.parseImportSpecifierLocal (/home/kavia/workspace/code-generation/cyberlegalinsight-46568-271bd8c6/cyberlegalinsight_frontend/node_modules/@babel/parser/lib/index.js:14181:31)
    at JSXParserMixin.maybeParseDefaultImportSpecifier (/home/kavia/workspace/code-generation/cyberlegalinsight-46568-271bd8c6/cyberlegalinsight_frontend/node_modules/@babel/parser/lib/index.js:14288:12)
    at JSXParserMixin.parseImportSpecifiersAndAfter (/home/kavia/workspace/code-generation/cyberlegalinsight-46568-271bd8c6/cyberlegalinsight_frontend/node_modules/@babel/parser/lib/index.js:14157:29)
    at JSXParserMixin.parseImport (/home/kavia/workspace/code-generation/cyberlegalinsight-46568-271bd8c6/cyberlegalinsight_frontend/node_modules/@babel/parser/lib/index.js:14153:17)
    at JSXParserMixin.parseStatementContent (/home/kavia/workspace/code-generation/cyberlegalinsight-46568-271bd8c6/cyberlegalinsight_frontend/node_modules/@babel/parser/lib/index.js:12795:27)
    at JSXParserMixin.parseStatementLike (/home/kavia/workspace/code-generation/cyberlegalinsight-46568-271bd8c6/cyberlegalinsight_frontend/node_modules/@babel/parser/lib/index.js:12685:17)
    at JSXParserMixin.parseModuleItem (/home/kavia/workspace/code-generation/cyberlegalinsight-46568-271bd8c6/cyberlegalinsight_frontend/node_modules/@babel/parser/lib/index.js:12662:17)
    at JSXParserMixin.parseBlockOrModuleBlockBody (/home/kavia/workspace/code-generation/cyberlegalinsight-46568-271bd8c6/cyberlegalinsight_frontend/node_modules/@babel/parser/lib/index.js:13235:36)
    at JSXParserMixin.parseBlockBody (/home/kavia/workspace/code-generation/cyberlegalinsight-46568-271bd8c6/cyberlegalinsight_frontend/node_modules/@babel/parser/lib/index.js:13228:10)
    at JSXParserMixin.parseProgram (/home/kavia/workspace/code-generation/cyberlegalinsight-46568-271bd8c6/cyberlegalinsight_frontend/node_modules/@babel/parser/lib/index.js:12541:10)
    at JSXParserMixin.parseTopLevel (/home/kavia/workspace/code-generation/cyberlegalinsight-46568-271bd8c6/cyberlegalinsight_frontend/node_modules/@babel/parser/lib/index.js:12531:25)
    at JSXParserMixin.parse (/home/kavia/workspace/code-generation/cyberlegalinsight-46568-271bd8c6/cyberlegalinsight_frontend/node_modules/@babel/parser/lib/index.js:14410:10)
    at parse (/home/kavia/workspace/code-generation/cyberlegalinsight-46568-271bd8c6/cyberlegalinsight_frontend/node_modules/@babel/parser/lib/index.js:14444:38)
    at parser (/home/kavia/workspace/code-generation/cyberlegalinsight-46568-271bd8c6/cyberlegalinsight_frontend/node_modules/@babel/core/lib/parser/index.js:41:34)
    at parser.next (<anonymous>)
    at normalizeFile (/home/kavia/workspace/code-generation/cyberlegalinsight-46568-271bd8c6/cyberlegalinsight_frontend/node_modules/@babel/core/lib/transformation/normalize-file.js:64:37)
    at normalizeFile.next (<anonymous>)
    at run (/home/kavia/workspace/code-generation/cyberlegalinsight-46568-271bd8c6/cyberlegalinsight_frontend/node_modules/@babel/core/lib/transformation/index.js:22:50)
    at run.next (<anonymous>)
    at transform (/home/kavia/workspace/code-generation/cyberlegalinsight-46568-271bd8c6/cyberlegalinsight_frontend/node_modules/@babel/core/lib/transform.js:22:33)
    at transform.next (<anonymous>)
    at step (/home/kavia/workspace/code-generation/cyberlegalinsight-46568-271bd8c6/cyberlegalinsight_frontend/node_modules/gensync/index.js:261:32)
    at /home/kavia/workspace/code-generation/cyberlegalinsight-46568-271bd8c6/cyberlegalinsight_frontend/node_modules/gensync/index.js:273:13
    at async.call.result.err.err (/home/kavia/workspace/code-generation/cyberlegalinsight-46568-271bd8c6/cyberlegalinsight_frontend/node_modules/gensync/index.js:223:11)
 @ ./src/index.js 5:0-24 11:32-35

webpack 5.99.9 compiled with 1 error in 1276 ms
assets by status 1.92 KiB [cached] 1 asset
assets by path *.js 1.6 MiB
  asset bundle.js 1.49 MiB [emitted] (name: main)
  asset main.7f052721faac42b6f847.hot-update.js 115 KiB [emitted] [immutable] [hmr] (name: main)
asset main.7f052721faac42b6f847.hot-update.json 28 bytes [emitted] [immutable] [hmr]
Entrypoint main 1.6 MiB = bundle.js 1.49 MiB main.7f052721faac42b6f847.hot-update.js 115 KiB
cached modules 1.26 MiB [cached] 38 modules
runtime modules 27.5 KiB 14 modules
javascript modules 81.8 KiB
  modules by path ./src/*.js 74 KiB
    ./src/index.js 530 bytes [code generated]
    ./src/App.js 4.24 KiB [built] [code generated]
    ./src/AdaptiveQuestionFlow.js 11.1 KiB [built] [code generated]
    ./src/VisualizationPanel.js 11.5 KiB [built] [code generated]
    ./src/ThemeToggle.js 1.79 KiB [built] [code generated]
    ./src/FileUpload.js 8.96 KiB [built] [code generated]
    ./src/ReportGenerator.js 11.2 KiB [built] [code generated]
    + 3 modules
  modules by path ./src/*.css 7.8 KiB
    ./src/App.css 2.22 KiB [built] [code generated]
    ./node_modules/css-loader/dist/cjs.js!./src/App.css 5.58 KiB [built] [code generated]
webpack 5.99.9 compiled successfully in 423 ms
assets by status 1.92 KiB [cached] 1 asset
assets by path *.js 1.49 MiB
  asset bundle.js 1.49 MiB [emitted] (name: main)
  asset main.59f5c82e0e0cc534c141.hot-update.js 8.27 KiB [emitted] [immutable] [hmr] (name: main)
asset main.59f5c82e0e0cc534c141.hot-update.json 28 bytes [emitted] [immutable] [hmr]
Entrypoint main 1.49 MiB = bundle.js 1.49 MiB main.59f5c82e0e0cc534c141.hot-update.js 8.27 KiB
cached modules 1.33 MiB [cached] 49 modules
runtime modules 27.5 KiB 14 modules
./src/App.js 4.01 KiB [built] [code generated]
webpack 5.99.9 compiled successfully in 46 ms
assets by status 1.92 KiB [cached] 1 asset
assets by path *.js 1.49 MiB
  asset bundle.js 1.49 MiB [emitted] (name: main)
  asset main.b48fa4fb0a98a22cb36c.hot-update.js 8.03 KiB [emitted] [immutable] [hmr] (name: main)
asset main.b48fa4fb0a98a22cb36c.hot-update.json 28 bytes [emitted] [immutable] [hmr]
Entrypoint main 1.49 MiB = bundle.js 1.49 MiB main.b48fa4fb0a98a22cb36c.hot-update.js 8.03 KiB
cached modules 1.33 MiB [cached] 49 modules
runtime modules 27.5 KiB 14 modules
./src/App.js 3.77 KiB [built] [code generated]
webpack 5.99.9 compiled successfully in 52 ms
